Archive member included to satisfy reference by file (symbol)

C:/ST/STM32CubeIDE_1.13.2/STM32CubeIDE/plugins/com.st.stm32cube.ide.mcu.externaltools.gnu-tools-for-stm32.11.3.rel1.win32_1.1.1.202309131626/tools/bin/../lib/gcc/arm-none-eabi/11.3.1/../../../../arm-none-eabi/lib/thumb/v7e-m+dp/hard\libc_nano.a(libc_a-exit.o)
                              C:/ST/STM32CubeIDE_1.13.2/STM32CubeIDE/plugins/com.st.stm32cube.ide.mcu.externaltools.gnu-tools-for-stm32.11.3.rel1.win32_1.1.1.202309131626/tools/bin/../lib/gcc/arm-none-eabi/11.3.1/../../../../arm-none-eabi/lib/thumb/v7e-m+dp/hard/crt0.o (exit)
C:/ST/STM32CubeIDE_1.13.2/STM32CubeIDE/plugins/com.st.stm32cube.ide.mcu.externaltools.gnu-tools-for-stm32.11.3.rel1.win32_1.1.1.202309131626/tools/bin/../lib/gcc/arm-none-eabi/11.3.1/../../../../arm-none-eabi/lib/thumb/v7e-m+dp/hard\libc_nano.a(libc_a-findfp.o)
                              C:/ST/STM32CubeIDE_1.13.2/STM32CubeIDE/plugins/com.st.stm32cube.ide.mcu.externaltools.gnu-tools-for-stm32.11.3.rel1.win32_1.1.1.202309131626/tools/bin/../lib/gcc/arm-none-eabi/11.3.1/../../../../arm-none-eabi/lib/thumb/v7e-m+dp/hard\libc_nano.a(libc_a-exit.o) (__stdio_exit_handler)
C:/ST/STM32CubeIDE_1.13.2/STM32CubeIDE/plugins/com.st.stm32cube.ide.mcu.externaltools.gnu-tools-for-stm32.11.3.rel1.win32_1.1.1.202309131626/tools/bin/../lib/gcc/arm-none-eabi/11.3.1/../../../../arm-none-eabi/lib/thumb/v7e-m+dp/hard\libc_nano.a(libc_a-fwalk.o)
                              C:/ST/STM32CubeIDE_1.13.2/STM32CubeIDE/plugins/com.st.stm32cube.ide.mcu.externaltools.gnu-tools-for-stm32.11.3.rel1.win32_1.1.1.202309131626/tools/bin/../lib/gcc/arm-none-eabi/11.3.1/../../../../arm-none-eabi/lib/thumb/v7e-m+dp/hard\libc_nano.a(libc_a-findfp.o) (_fwalk_sglue)
C:/ST/STM32CubeIDE_1.13.2/STM32CubeIDE/plugins/com.st.stm32cube.ide.mcu.externaltools.gnu-tools-for-stm32.11.3.rel1.win32_1.1.1.202309131626/tools/bin/../lib/gcc/arm-none-eabi/11.3.1/../../../../arm-none-eabi/lib/thumb/v7e-m+dp/hard\libc_nano.a(libc_a-stdio.o)
                              C:/ST/STM32CubeIDE_1.13.2/STM32CubeIDE/plugins/com.st.stm32cube.ide.mcu.externaltools.gnu-tools-for-stm32.11.3.rel1.win32_1.1.1.202309131626/tools/bin/../lib/gcc/arm-none-eabi/11.3.1/../../../../arm-none-eabi/lib/thumb/v7e-m+dp/hard\libc_nano.a(libc_a-findfp.o) (__sread)
C:/ST/STM32CubeIDE_1.13.2/STM32CubeIDE/plugins/com.st.stm32cube.ide.mcu.externaltools.gnu-tools-for-stm32.11.3.rel1.win32_1.1.1.202309131626/tools/bin/../lib/gcc/arm-none-eabi/11.3.1/../../../../arm-none-eabi/lib/thumb/v7e-m+dp/hard\libc_nano.a(libc_a-memset.o)
                              C:/ST/STM32CubeIDE_1.13.2/STM32CubeIDE/plugins/com.st.stm32cube.ide.mcu.externaltools.gnu-tools-for-stm32.11.3.rel1.win32_1.1.1.202309131626/tools/bin/../lib/gcc/arm-none-eabi/11.3.1/../../../../arm-none-eabi/lib/thumb/v7e-m+dp/hard/crt0.o (memset)
C:/ST/STM32CubeIDE_1.13.2/STM32CubeIDE/plugins/com.st.stm32cube.ide.mcu.externaltools.gnu-tools-for-stm32.11.3.rel1.win32_1.1.1.202309131626/tools/bin/../lib/gcc/arm-none-eabi/11.3.1/../../../../arm-none-eabi/lib/thumb/v7e-m+dp/hard\libc_nano.a(libc_a-closer.o)
                              C:/ST/STM32CubeIDE_1.13.2/STM32CubeIDE/plugins/com.st.stm32cube.ide.mcu.externaltools.gnu-tools-for-stm32.11.3.rel1.win32_1.1.1.202309131626/tools/bin/../lib/gcc/arm-none-eabi/11.3.1/../../../../arm-none-eabi/lib/thumb/v7e-m+dp/hard\libc_nano.a(libc_a-stdio.o) (_close_r)
C:/ST/STM32CubeIDE_1.13.2/STM32CubeIDE/plugins/com.st.stm32cube.ide.mcu.externaltools.gnu-tools-for-stm32.11.3.rel1.win32_1.1.1.202309131626/tools/bin/../lib/gcc/arm-none-eabi/11.3.1/../../../../arm-none-eabi/lib/thumb/v7e-m+dp/hard\libc_nano.a(libc_a-reent.o)
                              C:/ST/STM32CubeIDE_1.13.2/STM32CubeIDE/plugins/com.st.stm32cube.ide.mcu.externaltools.gnu-tools-for-stm32.11.3.rel1.win32_1.1.1.202309131626/tools/bin/../lib/gcc/arm-none-eabi/11.3.1/../../../../arm-none-eabi/lib/thumb/v7e-m+dp/hard\libc_nano.a(libc_a-closer.o) (errno)
C:/ST/STM32CubeIDE_1.13.2/STM32CubeIDE/plugins/com.st.stm32cube.ide.mcu.externaltools.gnu-tools-for-stm32.11.3.rel1.win32_1.1.1.202309131626/tools/bin/../lib/gcc/arm-none-eabi/11.3.1/../../../../arm-none-eabi/lib/thumb/v7e-m+dp/hard\libc_nano.a(libc_a-impure.o)
                              C:/ST/STM32CubeIDE_1.13.2/STM32CubeIDE/plugins/com.st.stm32cube.ide.mcu.externaltools.gnu-tools-for-stm32.11.3.rel1.win32_1.1.1.202309131626/tools/bin/../lib/gcc/arm-none-eabi/11.3.1/../../../../arm-none-eabi/lib/thumb/v7e-m+dp/hard\libc_nano.a(libc_a-reent.o) (_impure_ptr)
C:/ST/STM32CubeIDE_1.13.2/STM32CubeIDE/plugins/com.st.stm32cube.ide.mcu.externaltools.gnu-tools-for-stm32.11.3.rel1.win32_1.1.1.202309131626/tools/bin/../lib/gcc/arm-none-eabi/11.3.1/../../../../arm-none-eabi/lib/thumb/v7e-m+dp/hard\libc_nano.a(libc_a-lseekr.o)
[...]
Memory Configuration

Name             Origin             Length             Attributes
RAM              0x0000000020000000 0x0000000000080000 xrw
FLASH            0x0000000008000000 0x0000000000200000 xr
*default*        0x0000000000000000 0xffffffffffffffff

Linker script and memory map

LOAD C:/ST/STM32CubeIDE_1.13.2/STM32CubeIDE/plugins/com.st.stm32cube.ide.mcu.externaltools.gnu-tools-for-stm32.11.3.rel1.win32_1.1.1.202309131626/tools/bin/../lib/gcc/arm-none-eabi/11.3.1/thumb/v7e-m+dp/hard/crti.o
LOAD C:/ST/STM32CubeIDE_1.13.2/STM32CubeIDE/plugins/com.st.stm32cube.ide.mcu.externaltools.gnu-tools-for-stm32.11.3.rel1.win32_1.1.1.202309131626/tools/bin/../lib/gcc/arm-none-eabi/11.3.1/thumb/v7e-m+dp/hard/crtbegin.o
LOAD C:/ST/STM32CubeIDE_1.13.2/STM32CubeIDE/plugins/com.st.stm32cube.ide.mcu.externaltools.gnu-tools-for-stm32.11.3.rel1.win32_1.1.1.202309131626/tools/bin/../lib/gcc/arm-none-eabi/11.3.1/../../../../arm-none-eabi/lib/thumb/v7e-m+dp/hard/crt0.o
LOAD ./Src/gpio.o
LOAD ./Src/led.o
LOAD ./Src/main.o
LOAD ./Src/rcc.o
LOAD ./Src/spi.o
LOAD ./Src/syscalls.o
LOAD ./Src/sysmem.o
LOAD ./Src/uart.o
LOAD ./Startup/startup_stm32f767zitx.o
START GROUP
LOAD C:/ST/STM32CubeIDE_1.13.2/STM32CubeIDE/plugins/com.st.stm32cube.ide.mcu.externaltools.gnu-tools-for-stm32.11.3.rel1.win32_1.1.1.202309131626/tools/bin/../lib/gcc/arm-none-eabi/11.3.1/../../../../arm-none-eabi/lib/thumb/v7e-m+dp/hard\libc_nano.a
LOAD C:/ST/STM32CubeIDE_1.13.2/STM32CubeIDE/plugins/com.st.stm32cube.ide.mcu.externaltools.gnu-tools-for-stm32.11.3.rel1.win32_1.1.1.202309131626/tools/bin/../lib/gcc/arm-none-eabi/11.3.1/../../../../arm-none-eabi/lib/thumb/v7e-m+dp/hard\libm.a
END GROUP
START GROUP
LOAD C:/ST/STM32CubeIDE_1.13.2/STM32CubeIDE/plugins/com.st.stm32cube.ide.mcu.externaltools.gnu-tools-for-stm32.11.3.rel1.win32_1.1.1.202309131626/tools/bin/../lib/gcc/arm-none-eabi/11.3.1/thumb/v7e-m+dp/hard\libgcc.a
LOAD C:/ST/STM32CubeIDE_1.13.2/STM32CubeIDE/plugins/com.st.stm32cube.ide.mcu.externaltools.gnu-tools-for-stm32.11.3.rel1.win32_1.1.1.202309131626/tools/bin/../lib/gcc/arm-none-eabi/11.3.1/../../../../arm-none-eabi/lib/thumb/v7e-m+dp/hard\libc_nano.a
END GROUP
START GROUP
LOAD C:/ST/STM32CubeIDE_1.13.2/STM32CubeIDE/plugins/com.st.stm32cube.ide.mcu.externaltools.gnu-tools-for-stm32.11.3.rel1.win32_1.1.1.202309131626/tools/bin/../lib/gcc/arm-none-eabi/11.3.1/thumb/v7e-m+dp/hard\libgcc.a
LOAD C:/ST/STM32CubeIDE_1.13.2/STM32CubeIDE/plugins/com.st.stm32cube.ide.mcu.externaltools.gnu-tools-for-stm32.11.3.rel1.win32_1.1.1.202309131626/tools/bin/../lib/gcc/arm-none-eabi/11.3.1/../../../../arm-none-eabi/lib/thumb/v7e-m+dp/hard\libc_nano.a
LOAD C:/ST/STM32CubeIDE_1.13.2/STM32CubeIDE/plugins/com.st.stm32cube.ide.mcu.externaltools.gnu-tools-for-stm32.11.3.rel1.win32_1.1.1.202309131626/tools/bin/../lib/gcc/arm-none-eabi/11.3.1/../../../../arm-none-eabi/lib/thumb/v7e-m+dp/hard\libnosys.a
END GROUP
START GROUP
LOAD C:/ST/STM32CubeIDE_1.13.2/STM32CubeIDE/plugins/com.st.stm32cube.ide.mcu.externaltools.gnu-tools-for-stm32.11.3.rel1.win32_1.1.1.202309131626/tools/bin/../lib/gcc/arm-none-eabi/11.3.1/thumb/v7e-m+dp/hard\libgcc.a
LOAD C:/ST/STM32CubeIDE_1.13.2/STM32CubeIDE/plugins/com.st.stm32cube.ide.mcu.externaltools.gnu-tools-for-stm32.11.3.rel1.win32_1.1.1.202309131626/tools/bin/../lib/gcc/arm-none-eabi/11.3.1/../../../../arm-none-eabi/lib/thumb/v7e-m+dp/hard\libc_nano.a
LOAD C:/ST/STM32CubeIDE_1.13.2/STM32CubeIDE/plugins/com.st.stm32cube.ide.mcu.externaltools.gnu-tools-for-stm32.11.3.rel1.win32_1.1.1.202309131626/tools/bin/../lib/gcc/arm-none-eabi/11.3.1/../../../../arm-none-eabi/lib/thumb/v7e-m+dp/hard\libnosys.a
END GROUP
LOAD C:/ST/STM32CubeIDE_1.13.2/STM32CubeIDE/plugins/com.st.stm32cube.ide.mcu.externaltools.gnu-tools-for-stm32.11.3.rel1.win32_1.1.1.202309131626/tools/bin/../lib/gcc/arm-none-eabi/11.3.1/thumb/v7e-m+dp/hard/crtend.o
LOAD C:/ST/STM32CubeIDE_1.13.2/STM32CubeIDE/plugins/com.st.stm32cube.ide.mcu.externaltools.gnu-tools-for-stm32.11.3.rel1.win32_1.1.1.202309131626/tools/bin/../lib/gcc/arm-none-eabi/11.3.1/thumb/v7e-m+dp/hard/crtn.o
                0x0000000020080000                _estack = (ORIGIN (RAM) + LENGTH (RAM))
                0x0000000000000200                _Min_Heap_Size = 0x200
                0x0000000000000400                _Min_Stack_Size = 0x400

.isr_vector     0x0000000008000000      0x1f8
                0x0000000008000000                . = ALIGN (0x4)
 *(.isr_vector)
 .isr_vector    0x0000000008000000      0x1f8 ./Startup/startup_stm32f767zitx.o
                0x0000000008000000                g_pfnVectors
                0x00000000080001f8                . = ALIGN (0x4)

.text           0x00000000080001f8      0x5ec
                0x00000000080001f8                . = ALIGN (0x4)
 *(.text)
 .text          0x00000000080001f8       0x40 C:/ST/STM32CubeIDE_1.13.2/STM32CubeIDE/plugins/com.st.stm32cube.ide.mcu.externaltools.gnu-tools-for-stm32.11.3.rel1.win32_1.1.1.202309131626/tools/bin/../lib/gcc/arm-none-eabi/11.3.1/thumb/v7e-m+dp/hard/crtbegin.o
 *(.text*)
 .text.main     0x0000000008000238       0x16 ./Src/main.o
                0x0000000008000238                main
 *fill*         0x000000000800024e        0x2 
 .text.spi1_callback
                0x0000000008000250       0x3c ./Src/main.o
                0x0000000008000250                spi1_callback
 .text.SPI1_IRQHandler
                0x000000000800028c       0x1c ./Src/main.o
                0x000000000800028c                SPI1_IRQHandler
 .text.spi3_callback
                0x00000000080002a8       0x34 ./Src/main.o
                0x00000000080002a8                spi3_callback
 .text.SPI3_IRQHandler
                0x00000000080002dc       0x1c ./Src/main.o
                0x00000000080002dc                SPI3_IRQHandler
 .text.__NVIC_EnableIRQ
                0x00000000080002f8       0x3c ./Src/spi.o
 .text.spi1_config
                0x0000000008000334      0x1e4 ./Src/spi.o
                0x0000000008000334                spi1_config
 .text.spi3_config
                0x0000000008000518      0x1d8 ./Src/spi.o
                0x0000000008000518                spi3_config
 .text.spi1_activate
                0x00000000080006f0       0x20 ./Src/spi.o
                0x00000000080006f0                spi1_activate
 .text.spi3_activate
                0x0000000008000710       0x20 ./Src/spi.o
                0x0000000008000710                spi3_activate
 .text.Reset_Handler
                0x0000000008000730       0x50 ./Startup/startup_stm32f767zitx.o
                0x0000000008000730                Reset_Handler
 .text.Default_Handler
                0x0000000008000780        0x2 ./Startup/startup_stm32f767zitx.o
                0x0000000008000780                HASH_RNG_IRQHandler
                0x0000000008000780                EXTI2_IRQHandler
                0x0000000008000780                TIM8_CC_IRQHandler
                0x0000000008000780                DebugMon_Handler
                0x0000000008000780                UART8_IRQHandler
                0x0000000008000780                LP_Timer1_IRQHandler
                0x0000000008000780                SPI4_IRQHandler
                0x0000000008000780                TIM1_CC_IRQHandler
                0x0000000008000780                QuadSPI_IRQHandler
                0x0000000008000780                DMA2_Stream5_IRQHandler
                0x0000000008000780                HardFault_Handler
                0x0000000008000780                JPEG_IRQHandler
                0x0000000008000780                DSIHOST_IRQHandler
                0x0000000008000780                DMA1_Stream5_IRQHandler
                0x0000000008000780                SysTick_Handler
                0x0000000008000780                CAN3_RX1_IRQHandler
                0x0000000008000780                PVD_IRQHandler
                0x0000000008000780                TAMP_STAMP_IRQHandler
                0x0000000008000780                PendSV_Handler
                0x0000000008000780                NMI_Handler
                0x0000000008000780                CAN2_RX1_IRQHandler
                0x0000000008000780                EXTI3_IRQHandler
                0x0000000008000780                TIM8_TRG_COM_TIM14_IRQHandler
                0x0000000008000780                DFSDM1_FLT1_IRQHandler
                0x0000000008000780                TIM1_UP_TIM10_IRQHandler
                0x0000000008000780                TIM8_UP_TIM13_IRQHandler
                0x0000000008000780                I2C3_ER_IRQHandler
                0x0000000008000780                DFSDM1_FLT2_IRQHandler
                0x0000000008000780                LCD_TFT_IRQHandler
                0x0000000008000780                EXTI0_IRQHandler
                0x0000000008000780                I2C2_EV_IRQHandler
                0x0000000008000780                DMA1_Stream2_IRQHandler
                0x0000000008000780                CAN1_RX0_IRQHandler
                0x0000000008000780                OTG_HS_WKUP_IRQHandler
                0x0000000008000780                CAN3_SCE_IRQHandler
                0x0000000008000780                UsageFault_Handler
                0x0000000008000780                CAN2_SCE_IRQHandler
                0x0000000008000780                DMA2_Stream2_IRQHandler
                0x0000000008000780                TIM6_DAC_IRQHandler
                0x0000000008000780                TIM1_BRK_TIM9_IRQHandler
                0x0000000008000780                DCMI_IRQHandler
                0x0000000008000780                CAN2_RX0_IRQHandler
                0x0000000008000780                DMA2_Stream3_IRQHandler
                0x0000000008000780                RTC_ALARM_IRQHandler
                0x0000000008000780                SAI2_IRQHandler
                0x0000000008000780                DFSDM1_FLT3_IRQHandler
                0x0000000008000780                USART6_IRQHandler
                0x0000000008000780                CAN3_RX0_IRQHandler
                0x0000000008000780                USART3_IRQHandler
                0x0000000008000780                CRYP_IRQHandler
                0x0000000008000780                CAN1_RX1_IRQHandler
                0x0000000008000780                UART5_IRQHandler
                0x0000000008000780                DMA2_Stream0_IRQHandler
                0x0000000008000780                TIM4_IRQHandler
                0x0000000008000780                I2C1_EV_IRQHandler
                0x0000000008000780                DMA1_Stream6_IRQHandler
                0x0000000008000780                DMA1_Stream1_IRQHandler
                0x0000000008000780                UART4_IRQHandler
                0x0000000008000780                LCD_TFT_1_IRQHandler
                0x0000000008000780                TIM3_IRQHandler
                0x0000000008000780                RCC_IRQHandler
                0x0000000008000780                TIM8_BRK_TIM12_IRQHandler
                0x0000000008000780                Default_Handler
                0x0000000008000780                EXTI15_10_IRQHandler
                0x0000000008000780                ADC_IRQHandler
                0x0000000008000780                DMA1_Stream7_IRQHandler
                0x0000000008000780                SPI5_IRQHandler
                0x0000000008000780                TIM7_IRQHandler
                0x0000000008000780                SDMMC1_IRQHandler
                0x0000000008000780                CAN2_TX_IRQHandler
                0x0000000008000780                TIM5_IRQHandler
                0x0000000008000780                DMA2_Stream7_IRQHandler
                0x0000000008000780                I2C3_EV_IRQHandler
                0x0000000008000780                EXTI9_5_IRQHandler
                0x0000000008000780                RTC_WKUP_IRQHandler
                0x0000000008000780                ETH_WKUP_IRQHandler
                0x0000000008000780                SPI2_IRQHandler
                0x0000000008000780                OTG_HS_EP1_IN_IRQHandler
                0x0000000008000780                MemManage_Handler
                0x0000000008000780                DMA1_Stream0_IRQHandler
                0x0000000008000780                CAN1_TX_IRQHandler
                0x0000000008000780                SVC_Handler
                0x0000000008000780                EXTI4_IRQHandler
                0x0000000008000780                ETH_IRQHandler
                0x0000000008000780                OTG_HS_EP1_OUT_IRQHandler
                0x0000000008000780                WWDG_IRQHandler
                0x0000000008000780                SPI6_IRQHandler
                0x0000000008000780                MDIOS_IRQHandler
                0x0000000008000780                I2C4_EV_IRQHandler
                0x0000000008000780                CAN3_TX_IRQHandler
                0x0000000008000780                TIM2_IRQHandler
                0x0000000008000780                OTG_FS_WKUP_IRQHandler
                0x0000000008000780                TIM1_TRG_COM_TIM11_IRQHandler
                0x0000000008000780                OTG_HS_IRQHandler
                0x0000000008000780                DMA2D_IRQHandler
                0x0000000008000780                EXTI1_IRQHandler
                0x0000000008000780                SDMMC2_IRQHandler
                0x0000000008000780                UART7_IRQHandler
                0x0000000008000780                USART2_IRQHandler
                0x0000000008000780                DFSDM1_FLT0_IRQHandler
                0x0000000008000780                I2C2_ER_IRQHandler
                0x0000000008000780                SPDIFRX_IRQHandler
                0x0000000008000780                DMA2_Stream1_IRQHandler
                0x0000000008000780                CAN1_SCE_IRQHandler
                0x0000000008000780                FLASH_IRQHandler
                0x0000000008000780                DMA2_Stream4_IRQHandler
                0x0000000008000780                BusFault_Handler
                0x0000000008000780                USART1_IRQHandler
                0x0000000008000780                OTG_FS_IRQHandler
                0x0000000008000780                DMA1_Stream4_IRQHandler
                0x0000000008000780                I2C1_ER_IRQHandler
                0x0000000008000780                FMC_IRQHandler
                0x0000000008000780                I2C4_ER_IRQHandler
                0x0000000008000780                DMA2_Stream6_IRQHandler
                0x0000000008000780                SAI1_IRQHandler
                0x0000000008000780                DMA1_Stream3_IRQHandler
 *fill*         0x0000000008000782        0x2 
 .text.__libc_init_array
                0x0000000008000784       0x48 C:/ST/STM32CubeIDE_1.13.2/STM32CubeIDE/plugins/com.st.stm32cube.ide.mcu.externaltools.gnu-tools-for-stm32.11.3.rel1.win32_1.1.1.202309131626/tools/bin/../lib/gcc/arm-none-eabi/11.3.1/../../../../arm-none-eabi/lib/thumb/v7e-m+dp/hard\libc_nano.a(libc_a-init.o)
                0x0000000008000784                __libc_init_array
 *(.glue_7)
 .glue_7        0x00000000080007cc        0x0 linker stubs
 *(.glue_7t)
 .glue_7t       0x00000000080007cc        0x0 linker stubs
 *(.eh_frame)
 .eh_frame      0x00000000080007cc        0x0 C:/ST/STM32CubeIDE_1.13.2/STM32CubeIDE/plugins/com.st.stm32cube.ide.mcu.externaltools.gnu-tools-for-stm32.11.3.rel1.win32_1.1.1.202309131626/tools/bin/../lib/gcc/arm-none-eabi/11.3.1/thumb/v7e-m+dp/hard/crtbegin.o
 *(.init)
 .init          0x00000000080007cc        0x4 C:/ST/STM32CubeIDE_1.13.2/STM32CubeIDE/plugins/com.st.stm32cube.ide.mcu.externaltools.gnu-tools-for-stm32.11.3.rel1.win32_1.1.1.202309131626/tools/bin/../lib/gcc/arm-none-eabi/11.3.1/thumb/v7e-m+dp/hard/crti.o
                0x00000000080007cc                _init
 .init          0x00000000080007d0        0x8 C:/ST/STM32CubeIDE_1.13.2/STM32CubeIDE/plugins/com.st.stm32cube.ide.mcu.externaltools.gnu-tools-for-stm32.11.3.rel1.win32_1.1.1.202309131626/tools/bin/../lib/gcc/arm-none-eabi/11.3.1/thumb/v7e-m+dp/hard/crtn.o
 *(.fini)
 .fini          0x00000000080007d8        0x4 C:/ST/STM32CubeIDE_1.13.2/STM32CubeIDE/plugins/com.st.stm32cube.ide.mcu.externaltools.gnu-tools-for-stm32.11.3.rel1.win32_1.1.1.202309131626/tools/bin/../lib/gcc/arm-none-eabi/11.3.1/thumb/v7e-m+dp/hard/crti.o
                0x00000000080007d8                _fini
 .fini          0x00000000080007dc        0x8 C:/ST/STM32CubeIDE_1.13.2/STM32CubeIDE/plugins/com.st.stm32cube.ide.mcu.externaltools.gnu-tools-for-stm32.11.3.rel1.win32_1.1.1.202309131626/tools/bin/../lib/gcc/arm-none-eabi/11.3.1/thumb/v7e-m+dp/hard/crtn.o
                0x00000000080007e4                . = ALIGN (0x4)
                0x00000000080007e4                _etext = .

.vfp11_veneer   0x00000000080007e4        0x0
 .vfp11_veneer  0x00000000080007e4        0x0 linker stubs

.v4_bx          0x00000000080007e4        0x0
 .v4_bx         0x00000000080007e4        0x0 linker stubs

.iplt           0x00000000080007e4        0x0
 .iplt          0x00000000080007e4        0x0 C:/ST/STM32CubeIDE_1.13.2/STM32CubeIDE/plugins/com.st.stm32cube.ide.mcu.externaltools.gnu-tools-for-stm32.11.3.rel1.win32_1.1.1.202309131626/tools/bin/../lib/gcc/arm-none-eabi/11.3.1/thumb/v7e-m+dp/hard/crtbegin.o

.rel.dyn        0x00000000080007e4        0x0
 .rel.iplt      0x00000000080007e4        0x0 C:/ST/STM32CubeIDE_1.13.2/STM32CubeIDE/plugins/com.st.stm32cube.ide.mcu.externaltools.gnu-tools-for-stm32.11.3.rel1.win32_1.1.1.202309131626/tools/bin/../lib/gcc/arm-none-eabi/11.3.1/thumb/v7e-m+dp/hard/crtbegin.o

.rodata         0x00000000080007e4        0x0
                0x00000000080007e4                . = ALIGN (0x4)
 *(.rodata)
 *(.rodata*)
                0x00000000080007e4                . = ALIGN (0x4)

.ARM.extab      0x00000000080007e4        0x0
                0x00000000080007e4                . = ALIGN (0x4)
 *(.ARM.extab* .gnu.linkonce.armextab.*)
                0x00000000080007e4                . = ALIGN (0x4)

.ARM            0x00000000080007e4        0x0
                0x00000000080007e4                . = ALIGN (0x4)
                0x00000000080007e4                __exidx_start = .
 *(.ARM.exidx*)
                0x00000000080007e4                __exidx_end = .
                0x00000000080007e4                . = ALIGN (0x4)

.preinit_array  0x00000000080007e4        0x0
                0x00000000080007e4                . = ALIGN (0x4)
                0x00000000080007e4                PROVIDE (__preinit_array_start = .)
 *(.preinit_array*)
                0x00000000080007e4                PROVIDE (__preinit_array_end = .)
                0x00000000080007e4                . = ALIGN (0x4)

.init_array     0x00000000080007e4        0x4
                0x00000000080007e4                . = ALIGN (0x4)
                0x00000000080007e4                PROVIDE (__init_array_start = .)
 *(SORT_BY_NAME(.init_array.*))
 *(.init_array*)
 .init_array    0x00000000080007e4        0x4 C:/ST/STM32CubeIDE_1.13.2/STM32CubeIDE/plugins/com.st.stm32cube.ide.mcu.externaltools.gnu-tools-for-stm32.11.3.rel1.win32_1.1.1.202309131626/tools/bin/../lib/gcc/arm-none-eabi/11.3.1/thumb/v7e-m+dp/hard/crtbegin.o
                0x00000000080007e8                PROVIDE (__init_array_end = .)
                0x00000000080007e8                . = ALIGN (0x4)

.fini_array     0x00000000080007e8        0x4
                0x00000000080007e8                . = ALIGN (0x4)
                [!provide]                        PROVIDE (__fini_array_start = .)
 *(SORT_BY_NAME(.fini_array.*))
 *(.fini_array*)
 .fini_array    0x00000000080007e8        0x4 C:/ST/STM32CubeIDE_1.13.2/STM32CubeIDE/plugins/com.st.stm32cube.ide.mcu.externaltools.gnu-tools-for-stm32.11.3.rel1.win32_1.1.1.202309131626/tools/bin/../lib/gcc/arm-none-eabi/11.3.1/thumb/v7e-m+dp/hard/crtbegin.o
                [!provide]                        PROVIDE (__fini_array_end = .)
                0x00000000080007ec                . = ALIGN (0x4)
                0x00000000080007ec                _sidata = LOADADDR (.data)

.data           0x0000000020000000       0x10 load address 0x00000000080007ec
                0x0000000020000000                . = ALIGN (0x4)
                0x0000000020000000                _sdata = .
 *(.data)
 *(.data*)
 .data.tx_buff  0x0000000020000000        0xf ./Src/main.o
                0x0000000020000000                tx_buff
 *(.RamFunc)
 *(.RamFunc*)
                0x0000000020000010                . = ALIGN (0x4)
 *fill*         0x000000002000000f        0x1 
                0x0000000020000010                _edata = .

.igot.plt       0x0000000020000010        0x0 load address 0x00000000080007fc
 .igot.plt      0x0000000020000010        0x0 C:/ST/STM32CubeIDE_1.13.2/STM32CubeIDE/plugins/com.st.stm32cube.ide.mcu.externaltools.gnu-tools-for-stm32.11.3.rel1.win32_1.1.1.202309131626/tools/bin/../lib/gcc/arm-none-eabi/11.3.1/thumb/v7e-m+dp/hard/crtbegin.o
                0x0000000020000010                . = ALIGN (0x4)

.bss            0x0000000020000010       0x30 load address 0x00000000080007fc
                0x0000000020000010                _sbss = .
                0x0000000020000010                __bss_start__ = _sbss
 *(.bss)
 .bss           0x0000000020000010       0x1c C:/ST/STM32CubeIDE_1.13.2/STM32CubeIDE/plugins/com.st.stm32cube.ide.mcu.externaltools.gnu-tools-for-stm32.11.3.rel1.win32_1.1.1.202309131626/tools/bin/../lib/gcc/arm-none-eabi/11.3.1/thumb/v7e-m+dp/hard/crtbegin.o
 *(.bss*)
 .bss.tx_idx    0x000000002000002c        0x1 ./Src/main.o
                0x000000002000002c                tx_idx
 *fill*         0x000000002000002d        0x3 
 .bss.rx_buff   0x0000000020000030        0xf ./Src/main.o
                0x0000000020000030                rx_buff
 .bss.rx_idx    0x000000002000003f        0x1 ./Src/main.o
                0x000000002000003f                rx_idx
 *(COMMON)
                0x0000000020000040                . = ALIGN (0x4)
                0x0000000020000040                _ebss = .
                0x0000000020000040                __bss_end__ = _ebss

._user_heap_stack
                0x0000000020000040      0x600 load address 0x00000000080007fc
                0x0000000020000040                . = ALIGN (0x8)
                [!provide]                        PROVIDE (end = .)
                0x0000000020000040                PROVIDE (_end = .)
                0x0000000020000240                . = (. + _Min_Heap_Size)
 *fill*         0x0000000020000040      0x200 
                0x0000000020000640                . = (. + _Min_Stack_Size)
 *fill*         0x0000000020000240      0x400 
                0x0000000020000640                . = ALIGN (0x8)

/DISCARD/
 libc.a(*)
 libm.a(*)
 libgcc.a(*)

.ARM.attributes
                0x0000000000000000       0x2e
 *(.ARM.attributes)
 .ARM.attributes
                0x0000000000000000       0x1e C:/ST/STM32CubeIDE_1.13.2/STM32CubeIDE/plugins/com.st.stm32cube.ide.mcu.externaltools.gnu-tools-for-stm32.11.3.rel1.win32_1.1.1.202309131626/tools/bin/../lib/gcc/arm-none-eabi/11.3.1/thumb/v7e-m+dp/hard/crti.o
 .ARM.attributes
                0x000000000000001e       0x32 C:/ST/STM32CubeIDE_1.13.2/STM32CubeIDE/plugins/com.st.stm32cube.ide.mcu.externaltools.gnu-tools-for-stm32.11.3.rel1.win32_1.1.1.202309131626/tools/bin/../lib/gcc/arm-none-eabi/11.3.1/thumb/v7e-m+dp/hard/crtbegin.o
 .ARM.attributes
                0x0000000000000050       0x32 ./Src/main.o
 .ARM.attributes
                0x0000000000000082       0x32 ./Src/spi.o
 .ARM.attributes
                0x00000000000000b4       0x21 ./Startup/startup_stm32f767zitx.o
 .ARM.attributes
                0x00000000000000d5       0x32 C:/ST/STM32CubeIDE_1.13.2/STM32CubeIDE/plugins/com.st.stm32cube.ide.mcu.externaltools.gnu-tools-for-stm32.11.3.rel1.win32_1.1.1.202309131626/tools/bin/../lib/gcc/arm-none-eabi/11.3.1/../../../../arm-none-eabi/lib/thumb/v7e-m+dp/hard\libc_nano.a(libc_a-init.o)
 .ARM.attributes
                0x0000000000000107       0x1e C:/ST/STM32CubeIDE_1.13.2/STM32CubeIDE/plugins/com.st.stm32cube.ide.mcu.externaltools.gnu-tools-for-stm32.11.3.rel1.win32_1.1.1.202309131626/tools/bin/../lib/gcc/arm-none-eabi/11.3.1/thumb/v7e-m+dp/hard/crtn.o
OUTPUT(20_SPI_RxTx_Interrupt.elf elf32-littlearm)
LOAD linker stubs
LOAD C:/ST/STM32CubeIDE_1.13.2/STM32CubeIDE/plugins/com.st.stm32cube.ide.mcu.externaltools.gnu-tools-for-stm32.11.3.rel1.win32_1.1.1.202309131626/tools/bin/../lib/gcc/arm-none-eabi/11.3.1/../../../../arm-none-eabi/lib/thumb/v7e-m+dp/hard\libc.a
LOAD C:/ST/STM32CubeIDE_1.13.2/STM32CubeIDE/plugins/com.st.stm32cube.ide.mcu.externaltools.gnu-tools-for-stm32.11.3.rel1.win32_1.1.1.202309131626/tools/bin/../lib/gcc/arm-none-eabi/11.3.1/../../../../arm-none-eabi/lib/thumb/v7e-m+dp/hard\libm.a
LOAD C:/ST/STM32CubeIDE_1.13.2/STM32CubeIDE/plugins/com.st.stm32cube.ide.mcu.externaltools.gnu-tools-for-stm32.11.3.rel1.win32_1.1.1.202309131626/tools/bin/../lib/gcc/arm-none-eabi/11.3.1/thumb/v7e-m+dp/hard\libgcc.a

.comment        0x0000000000000000       0x43
 .comment       0x0000000000000000       0x43 C:/ST/STM32CubeIDE_1.13.2/STM32CubeIDE/plugins/com.st.stm32cube.ide.mcu.externaltools.gnu-tools-for-stm32.11.3.rel1.win32_1.1.1.202309131626/tools/bin/../lib/gcc/arm-none-eabi/11.3.1/thumb/v7e-m+dp/hard/crtbegin.o
                                         0x44 (size before relaxing)
 .comment       0x0000000000000043       0x44 ./Src/main.o
 .comment       0x0000000000000043       0x44 ./Src/spi.o

.debug_info     0x0000000000000000      0xa96
 .debug_info    0x0000000000000000      0x23d ./Src/main.o
 .debug_info    0x000000000000023d      0x836 ./Src/spi.o
 .debug_info    0x0000000000000a73       0x23 ./Startup/startup_stm32f767zitx.o

.debug_abbrev   0x0000000000000000      0x2ac
 .debug_abbrev  0x0000000000000000      0x143 ./Src/main.o
 .debug_abbrev  0x0000000000000143      0x157 ./Src/spi.o
 .debug_abbrev  0x000000000000029a       0x12 ./Startup/startup_stm32f767zitx.o

.debug_aranges  0x0000000000000000       0xa8
 .debug_aranges
                0x0000000000000000       0x40 ./Src/main.o
 .debug_aranges
                0x0000000000000040       0x40 ./Src/spi.o
 .debug_aranges
                0x0000000000000080       0x28 ./Startup/startup_stm32f767zitx.o

.debug_rnglists
                0x0000000000000000       0x71
 .debug_rnglists
                0x0000000000000000       0x2b ./Src/main.o
 .debug_rnglists
                0x000000000000002b       0x2d ./Src/spi.o
 .debug_rnglists
                0x0000000000000058       0x19 ./Startup/startup_stm32f767zitx.o

.debug_macro    0x0000000000000000      0xeb3
 .debug_macro   0x0000000000000000      0x1cb ./Src/main.o
 .debug_macro   0x00000000000001cb       0x5b ./Src/main.o
 .debug_macro   0x0000000000000226       0x29 ./Src/main.o
 .debug_macro   0x000000000000024f       0x94 ./Src/main.o
 .debug_macro   0x00000000000002e3       0x43 ./Src/main.o
 .debug_macro   0x0000000000000326       0x34 ./Src/main.o
 .debug_macro   0x000000000000035a       0x16 ./Src/main.o
 .debug_macro   0x0000000000000370       0x57 ./Src/main.o
 .debug_macro   0x00000000000003c7       0x97 ./Src/main.o
 .debug_macro   0x000000000000045e      0x369 ./Src/main.o
 .debug_macro   0x00000000000007c7       0xfd ./Src/main.o
 .debug_macro   0x00000000000008c4       0x10 ./Src/main.o
 .debug_macro   0x00000000000008d4       0x16 ./Src/main.o
 .debug_macro   0x00000000000008ea       0x43 ./Src/main.o
 .debug_macro   0x000000000000092d       0x34 ./Src/main.o
 .debug_macro   0x0000000000000961       0x10 ./Src/main.o
 .debug_macro   0x0000000000000971       0x58 ./Src/main.o
 .debug_macro   0x00000000000009c9       0x8e ./Src/main.o
 .debug_macro   0x0000000000000a57       0x1c ./Src/main.o
 .debug_macro   0x0000000000000a73      0x177 ./Src/main.o
 .debug_macro   0x0000000000000bea       0x16 ./Src/main.o
 .debug_macro   0x0000000000000c00       0x16 ./Src/main.o
 .debug_macro   0x0000000000000c16      0x147 ./Src/main.o
 .debug_macro   0x0000000000000d5d       0x10 ./Src/main.o
 .debug_macro   0x0000000000000d6d       0x58 ./Src/main.o
 .debug_macro   0x0000000000000dc5       0xee ./Src/spi.o

.debug_line     0x0000000000000000      0xed1
 .debug_line    0x0000000000000000      0x7b1 ./Src/main.o
 .debug_line    0x00000000000007b1      0x6a5 ./Src/spi.o
 .debug_line    0x0000000000000e56       0x7b ./Startup/startup_stm32f767zitx.o

.debug_str      0x0000000000000000    0xa761b
 .debug_str     0x0000000000000000    0xa6d63 ./Src/main.o
                                      0xa6f88 (size before relaxing)
 .debug_str     0x00000000000a6d63      0x80e ./Src/spi.o
                                      0xa3b76 (size before relaxing)
 .debug_str     0x00000000000a7571       0xaa ./Startup/startup_stm32f767zitx.o

.debug_frame    0x0000000000000000      0x188
 .debug_frame   0x0000000000000000       0xac ./Src/main.o
 .debug_frame   0x00000000000000ac       0xb0 ./Src/spi.o
 .debug_frame   0x000000000000015c       0x2c C:/ST/STM32CubeIDE_1.13.2/STM32CubeIDE/plugins/com.st.stm32cube.ide.mcu.externaltools.gnu-tools-for-stm32.11.3.rel1.win32_1.1.1.202309131626/tools/bin/../lib/gcc/arm-none-eabi/11.3.1/../../../../arm-none-eabi/lib/thumb/v7e-m+dp/hard\libc_nano.a(libc_a-init.o)

.debug_line_str
                0x0000000000000000       0x9e
 .debug_line_str
                0x0000000000000000       0x9e ./Startup/startup_stm32f767zitx.o
                                         0xb6 (size before relaxing)
